Script started on Mon 01 Feb 2016 12:24:04 PM PST
$ script$ cript $ java lexAnalysis$ 
Enter a value: 
53
53 is a decimal number.
$ java lexAnalysis$ 
Enter a value: 
53.2
53.2 is a floating point number.
$ java lexAnalysis$ 
Enter a value: 
53.2e
53.2e is an error.
$ java lexAnalysis$ 
Enter a value: 
53.3e3
53.3e3 is a scientific notation number.
$ java lexAnalysis$ 
Enter a value: 
053
053 is an octal number.
$ exit

Script done on Mon 01 Feb 2016 12:24:46 PM PST
